Acquiring state lock. This may take a few moments...
[0m[1mdata.terraform_remote_state.backend: Reading...[0m[0m
[0m[1mrandom_string.suffix: Refreshing state... [id=atc09rgx][0m
[0m[1maws_cloudfront_function.rewrite_function: Refreshing state... [id=cloudacademy-prod-rewrite-atc09rgx][0m
[0m[1maws_cloudfront_origin_access_identity.origin_access_identity: Refreshing state... [id=EN7SHHZANLTE0][0m
[0m[1maws_s3_bucket.website_bucket: Refreshing state... [id=cloudacademy-prod-website-atc09rgx][0m
[0m[1mdata.terraform_remote_state.backend: Read complete after 2s[0m
[0m[1maws_s3_bucket_versioning.versioning: Refreshing state... [id=cloudacademy-prod-website-atc09rgx][0m
[0m[1maws_s3_bucket_public_access_block.website_bucket_pab: Refreshing state... [id=cloudacademy-prod-website-atc09rgx][0m
[0m[1maws_s3_bucket_website_configuration.website_configuration: Refreshing state... [id=cloudacademy-prod-website-atc09rgx][0m
[0m[1maws_s3_bucket_server_side_encryption_configuration.encryption: Refreshing state... [id=cloudacademy-prod-website-atc09rgx][0m
[0m[1maws_cloudfront_distribution.website_distribution: Refreshing state... [id=E3PM2XGP1HT67J][0m
[0m[1maws_s3_bucket_policy.ssl_enforcement: Refreshing state... [id=cloudacademy-prod-website-atc09rgx][0m

Terraform used the selected providers to generate the following execution
plan. Resource actions are indicated with the following symbols:
  [32m+[0m create[0m
  [33m~[0m update in-place[0m

Terraform will perform the following actions:

[1m  # aws_acm_certificate.website_cert[0m will be created
[0m  [32m+[0m[0m resource "aws_acm_certificate" "website_cert" {
      [32m+[0m[0m arn                       = (known after apply)
      [32m+[0m[0m domain_name               = "proyectos.cloudacademy.ar"
      [32m+[0m[0m domain_validation_options = [
          [32m+[0m[0m {
              [32m+[0m[0m domain_name           = "proyectos.cloudacademy.ar"
              [32m+[0m[0m resource_record_name  = (known after apply)
              [32m+[0m[0m resource_record_type  = (known after apply)
              [32m+[0m[0m resource_record_value = (known after apply)
            },
        ]
      [32m+[0m[0m id                        = (known after apply)
      [32m+[0m[0m key_algorithm             = (known after apply)
      [32m+[0m[0m not_after                 = (known after apply)
      [32m+[0m[0m not_before                = (known after apply)
      [32m+[0m[0m pending_renewal           = (known after apply)
      [32m+[0m[0m renewal_eligibility       = (known after apply)
      [32m+[0m[0m renewal_summary           = (known after apply)
      [32m+[0m[0m status                    = (known after apply)
      [32m+[0m[0m subject_alternative_names = [
          [32m+[0m[0m "proyectos.cloudacademy.ar",
        ]
      [32m+[0m[0m tags_all                  = (known after apply)
      [32m+[0m[0m type                      = (known after apply)
      [32m+[0m[0m validation_emails         = (known after apply)
      [32m+[0m[0m validation_method         = "DNS"
    }

[1m  # aws_cloudfront_distribution.website_distribution[0m will be updated in-place
[0m  [33m~[0m[0m resource "aws_cloudfront_distribution" "website_distribution" {
      [33m~[0m[0m aliases                        = [
          [32m+[0m[0m "proyectos.cloudacademy.ar",
        ]
        id                             = "E3PM2XGP1HT67J"
        tags                           = {}
        [90m# (19 unchanged attributes hidden)[0m[0m

      [33m~[0m[0m viewer_certificate {
          [32m+[0m[0m acm_certificate_arn            = (known after apply)
          [31m-[0m[0m cloudfront_default_certificate = true [90m-> null[0m[0m
          [33m~[0m[0m minimum_protocol_version       = "TLSv1" [33m->[0m[0m "TLSv1.2_2021"
          [32m+[0m[0m ssl_support_method             = "sni-only"
        }

        [90m# (4 unchanged blocks hidden)[0m[0m
    }

[1mPlan:[0m 1 to add, 1 to change, 0 to destroy.
[0m
Changes to Outputs:
  [32m+[0m[0m certificate_arn                = (known after apply)
  [32m+[0m[0m certificate_validation_records = {
      [32m+[0m[0m "proyectos.cloudacademy.ar" = {
          [32m+[0m[0m name  = (known after apply)
          [32m+[0m[0m type  = (known after apply)
          [32m+[0m[0m value = (known after apply)
        }
    }
[0m[1maws_acm_certificate.website_cert: Creating...[0m[0m
[0m[1maws_acm_certificate.website_cert: Creation complete after 6s [id=arn:aws:acm:us-east-1:982081083386:certificate/1ebc5856-1323-4fe6-ae4a-62fcd2313f17][0m
[0m[1maws_cloudfront_distribution.website_distribution: Modifying... [id=E3PM2XGP1HT67J][0m[0m
[0m[1maws_cloudfront_distribution.website_distribution: Still modifying... [id=E3PM2XGP1HT67J, 10s elapsed][0m[0m
[0m[1maws_cloudfront_distribution.website_distribution: Still modifying... [id=E3PM2XGP1HT67J, 20s elapsed][0m[0m
[31m╷[0m[0m
[31m│[0m [0m[1m[31mError: [0m[0m[1mupdating CloudFront Distribution (E3PM2XGP1HT67J): operation error CloudFront: UpdateDistribution, https response error StatusCode: 409, RequestID: 6d0e1963-e9b1-4b8e-801e-a8649459b500, CNAMEAlreadyExists: One or more aliases specified for the distribution includes an incorrectly configured DNS record that points to another CloudFront distribution. You must update the DNS record to correct the problem. For more information, see https://docs.aws.amazon.com/AmazonCloudFront/latest/DeveloperGuide/CNAMEs.html#alternate-domain-names-restrictions[0m
[31m│[0m [0m
[31m│[0m [0m[0m  with aws_cloudfront_distribution.website_distribution,
[31m│[0m [0m  on main.tf line 159, in resource "aws_cloudfront_distribution" "website_distribution":
[31m│[0m [0m 159: resource "aws_cloudfront_distribution" "website_distribution" [4m{[0m[0m
[31m│[0m [0m
[31m╵[0m[0m
Releasing state lock. This may take a few moments...
